Merge duplicate comments:
// keep-sorted-test start remove_duplicates=merge_comments sticky_comments=yes
bar
// First foo
// Second foo
// Third foo
foo
// keep-sorted-test end

Merge duplicate comments where some are identical:
// keep-sorted-test start remove_duplicates=merge_comments sticky_comments=yes
bar
// Common foo flag
// Different foo flag
foo
// keep-sorted-test end

Merge multi-line duplicate comments with paragraph breaks:
// keep-sorted-test start remove_duplicates=merge_comments sticky_comments=yes
bar
// First foo
//
// Shared footer
// Second foo
//
// Shared footer
foo
// keep-sorted-test end
